  Determining projects to restore...
  All projects are up-to-date for restore.
C:\Users\ACER\OneDrive\Desktop\JournalApps\JournalApp\Components\Pages\ViewEntries.razor(44,106): error RZ1030: TagHelper attributes must be well-formed. [C:\Users\ACER\OneDrive\Desktop\JournalApps\JournalApp\JournalApp.csproj::TargetFramework=net9.0-windows10.0.19041.0]
C:\Users\ACER\OneDrive\Desktop\JournalApps\JournalApp\Components\Pages\ViewEntries.razor(45,109): error RZ1030: TagHelper attributes must be well-formed. [C:\Users\ACER\OneDrive\Desktop\JournalApps\JournalApp\JournalApp.csproj::TargetFramework=net9.0-windows10.0.19041.0]
C:\Users\ACER\OneDrive\Desktop\JournalApps\JournalApp\Components\Pages\ViewEntries.razor(44,104): error CS1056: Unexpected character '$' [C:\Users\ACER\OneDrive\Desktop\JournalApps\JournalApp\JournalApp.csproj::TargetFramework=net9.0-windows10.0.19041.0]
C:\Users\ACER\OneDrive\Desktop\JournalApps\JournalApp\obj\Debug\net9.0-windows10.0.19041.0\win10-x64\Microsoft.CodeAnalysis.Razor.Compiler\Microsoft.NET.Sdk.Razor.SourceGenerators.RazorSourceGenerator\Components_Pages_ViewEntries_razor.g.cs(278,15): error CS1026: ) expected [C:\Users\ACER\OneDrive\Desktop\JournalApps\JournalApp\JournalApp.csproj::TargetFramework=net9.0-windows10.0.19041.0]
C:\Users\ACER\OneDrive\Desktop\JournalApps\JournalApp\Components\Pages\ViewEntries.razor(45,107): error CS1056: Unexpected character '$' [C:\Users\ACER\OneDrive\Desktop\JournalApps\JournalApp\JournalApp.csproj::TargetFramework=net9.0-windows10.0.19041.0]
C:\Users\ACER\OneDrive\Desktop\JournalApps\JournalApp\obj\Debug\net9.0-windows10.0.19041.0\win10-x64\Microsoft.CodeAnalysis.Razor.Compiler\Microsoft.NET.Sdk.Razor.SourceGenerators.RazorSourceGenerator\Components_Pages_ViewEntries_razor.g.cs(292,15): error CS1026: ) expected [C:\Users\ACER\OneDrive\Desktop\JournalApps\JournalApp\JournalApp.csproj::TargetFramework=net9.0-windows10.0.19041.0]
C:\Users\ACER\OneDrive\Desktop\JournalApps\JournalApp\Services\PdfExportService.cs(35,35): warning CS1998: This async method lacks 'await' operators and will run synchronously. Consider using the 'await' operator to await non-blocking API calls, or 'await Task.Run(...)' to do CPU-bound work on a background thread. [C:\Users\ACER\OneDrive\Desktop\JournalApps\JournalApp\JournalApp.csproj::TargetFramework=net9.0-windows10.0.19041.0]
C:\Users\ACER\OneDrive\Desktop\JournalApps\JournalApp\Components\Pages\ViewEntries.razor(44,93): error CS1501: No overload for method 'NavigateTo' takes 0 arguments [C:\Users\ACER\OneDrive\Desktop\JournalApps\JournalApp\JournalApp.csproj::TargetFramework=net9.0-windows10.0.19041.0]
C:\Users\ACER\OneDrive\Desktop\JournalApps\JournalApp\Components\Pages\ViewEntries.razor(45,96): error CS1501: No overload for method 'NavigateTo' takes 0 arguments [C:\Users\ACER\OneDrive\Desktop\JournalApps\JournalApp\JournalApp.csproj::TargetFramework=net9.0-windows10.0.19041.0]

Build FAILED.

C:\Users\ACER\OneDrive\Desktop\JournalApps\JournalApp\Services\PdfExportService.cs(35,35): warning CS1998: This async method lacks 'await' operators and will run synchronously. Consider using the 'await' operator to await non-blocking API calls, or 'await Task.Run(...)' to do CPU-bound work on a background thread. [C:\Users\ACER\OneDrive\Desktop\JournalApps\JournalApp\JournalApp.csproj::TargetFramework=net9.0-windows10.0.19041.0]
C:\Users\ACER\OneDrive\Desktop\JournalApps\JournalApp\Components\Pages\ViewEntries.razor(44,106): error RZ1030: TagHelper attributes must be well-formed. [C:\Users\ACER\OneDrive\Desktop\JournalApps\JournalApp\JournalApp.csproj::TargetFramework=net9.0-windows10.0.19041.0]
C:\Users\ACER\OneDrive\Desktop\JournalApps\JournalApp\Components\Pages\ViewEntries.razor(45,109): error RZ1030: TagHelper attributes must be well-formed. [C:\Users\ACER\OneDrive\Desktop\JournalApps\JournalApp\JournalApp.csproj::TargetFramework=net9.0-windows10.0.19041.0]
C:\Users\ACER\OneDrive\Desktop\JournalApps\JournalApp\Components\Pages\ViewEntries.razor(44,104): error CS1056: Unexpected character '$' [C:\Users\ACER\OneDrive\Desktop\JournalApps\JournalApp\JournalApp.csproj::TargetFramework=net9.0-windows10.0.19041.0]
C:\Users\ACER\OneDrive\Desktop\JournalApps\JournalApp\obj\Debug\net9.0-windows10.0.19041.0\win10-x64\Microsoft.CodeAnalysis.Razor.Compiler\Microsoft.NET.Sdk.Razor.SourceGenerators.RazorSourceGenerator\Components_Pages_ViewEntries_razor.g.cs(278,15): error CS1026: ) expected [C:\Users\ACER\OneDrive\Desktop\JournalApps\JournalApp\JournalApp.csproj::TargetFramework=net9.0-windows10.0.19041.0]
C:\Users\ACER\OneDrive\Desktop\JournalApps\JournalApp\Components\Pages\ViewEntries.razor(45,107): error CS1056: Unexpected character '$' [C:\Users\ACER\OneDrive\Desktop\JournalApps\JournalApp\JournalApp.csproj::TargetFramework=net9.0-windows10.0.19041.0]
C:\Users\ACER\OneDrive\Desktop\JournalApps\JournalApp\obj\Debug\net9.0-windows10.0.19041.0\win10-x64\Microsoft.CodeAnalysis.Razor.Compiler\Microsoft.NET.Sdk.Razor.SourceGenerators.RazorSourceGenerator\Components_Pages_ViewEntries_razor.g.cs(292,15): error CS1026: ) expected [C:\Users\ACER\OneDrive\Desktop\JournalApps\JournalApp\JournalApp.csproj::TargetFramework=net9.0-windows10.0.19041.0]
C:\Users\ACER\OneDrive\Desktop\JournalApps\JournalApp\Components\Pages\ViewEntries.razor(44,93): error CS1501: No overload for method 'NavigateTo' takes 0 arguments [C:\Users\ACER\OneDrive\Desktop\JournalApps\JournalApp\JournalApp.csproj::TargetFramework=net9.0-windows10.0.19041.0]
C:\Users\ACER\OneDrive\Desktop\JournalApps\JournalApp\Components\Pages\ViewEntries.razor(45,96): error CS1501: No overload for method 'NavigateTo' takes 0 arguments [C:\Users\ACER\OneDrive\Desktop\JournalApps\JournalApp\JournalApp.csproj::TargetFramework=net9.0-windows10.0.19041.0]
    1 Warning(s)
    8 Error(s)

Time Elapsed 00:00:06.20
